2025-12-25 16:47:27,375 - INFO - Processing combined permutation data from results/combined_permutation_data
2025-12-25 16:47:27,376 - INFO - Found 20 size directories
2025-12-25 16:47:27,376 - INFO - Processing size 100...
2025-12-25 16:47:27,376 - INFO -   Found 11 library files
2025-12-25 16:47:27,584 - INFO - Processing size 1000...
2025-12-25 16:47:27,584 - INFO -   Found 13 library files
2025-12-25 16:47:28,112 - INFO - Processing size 150...
2025-12-25 16:47:28,113 - INFO -   Found 12 library files
2025-12-25 16:47:28,294 - INFO - Processing size 200...
2025-12-25 16:47:28,294 - INFO -   Found 13 library files
2025-12-25 16:47:28,624 - INFO - Processing size 250...
2025-12-25 16:47:28,624 - INFO -   Found 13 library files
2025-12-25 16:47:29,025 - INFO - Processing size 300...
2025-12-25 16:47:29,026 - INFO -   Found 13 library files
2025-12-25 16:47:29,320 - INFO - Processing size 350...
2025-12-25 16:47:29,320 - INFO -   Found 13 library files
2025-12-25 16:47:29,843 - INFO - Processing size 400...
2025-12-25 16:47:29,843 - INFO -   Found 13 library files
2025-12-25 16:47:30,447 - INFO - Processing size 450...
2025-12-25 16:47:30,447 - INFO -   Found 13 library files
2025-12-25 16:47:30,844 - INFO - Processing size 50...
2025-12-25 16:47:30,844 - INFO -   Found 11 library files
2025-12-25 16:47:30,932 - INFO - Processing size 500...
2025-12-25 16:47:30,932 - INFO -   Found 13 library files
2025-12-25 16:47:31,669 - INFO - Processing size 550...
2025-12-25 16:47:31,670 - INFO -   Found 13 library files
2025-12-25 16:47:32,085 - INFO - Processing size 600...
2025-12-25 16:47:32,086 - INFO -   Found 13 library files
2025-12-25 16:47:32,902 - INFO - Processing size 650...
2025-12-25 16:47:32,903 - INFO -   Found 13 library files
2025-12-25 16:47:33,285 - INFO - Processing size 700...
2025-12-25 16:47:33,286 - INFO -   Found 13 library files
2025-12-25 16:47:33,698 - INFO - Processing size 750...
2025-12-25 16:47:33,699 - INFO -   Found 13 library files
2025-12-25 16:47:34,969 - INFO - Processing size 800...
2025-12-25 16:47:34,969 - INFO -   Found 13 library files
2025-12-25 16:47:35,440 - INFO - Processing size 850...
2025-12-25 16:47:35,441 - INFO -   Found 13 library files
2025-12-25 16:47:35,887 - INFO - Processing size 900...
2025-12-25 16:47:35,888 - INFO -   Found 13 library files
2025-12-25 16:47:36,469 - INFO - Processing size 950...
2025-12-25 16:47:36,469 - INFO -   Found 13 library files
2025-12-25 16:47:37,481 - INFO - 
Found permutations across 20 sizes
2025-12-25 16:47:37,481 - INFO - Total unique permutations: 39999
2025-12-25 16:47:37,519 - INFO - Processed 100/39999 permutations (401 clusters so far)...
2025-12-25 16:47:37,554 - INFO - Processed 200/39999 permutations (818 clusters so far)...
2025-12-25 16:47:37,589 - INFO - Processed 300/39999 permutations (1234 clusters so far)...
2025-12-25 16:47:37,626 - INFO - Processed 400/39999 permutations (1638 clusters so far)...
2025-12-25 16:47:37,663 - INFO - Processed 500/39999 permutations (2021 clusters so far)...
2025-12-25 16:47:37,698 - INFO - Processed 600/39999 permutations (2416 clusters so far)...
2025-12-25 16:47:37,732 - INFO - Processed 700/39999 permutations (2805 clusters so far)...
2025-12-25 16:47:37,768 - INFO - Processed 800/39999 permutations (3201 clusters so far)...
2025-12-25 16:47:37,806 - INFO - Processed 900/39999 permutations (3612 clusters so far)...
2025-12-25 16:47:37,844 - INFO - Processed 1000/39999 permutations (4023 clusters so far)...
2025-12-25 16:47:37,882 - INFO - Processed 1100/39999 permutations (4299 clusters so far)...
2025-12-25 16:47:37,918 - INFO - Processed 1200/39999 permutations (4591 clusters so far)...
2025-12-25 16:47:37,953 - INFO - Processed 1300/39999 permutations (4842 clusters so far)...
2025-12-25 16:47:37,991 - INFO - Processed 1400/39999 permutations (5128 clusters so far)...
2025-12-25 16:47:38,028 - INFO - Processed 1500/39999 permutations (5408 clusters so far)...
2025-12-25 16:47:38,065 - INFO - Processed 1600/39999 permutations (5690 clusters so far)...
2025-12-25 16:47:38,102 - INFO - Processed 1700/39999 permutations (5982 clusters so far)...
2025-12-25 16:47:38,138 - INFO - Processed 1800/39999 permutations (6262 clusters so far)...
2025-12-25 16:47:38,177 - INFO - Processed 1900/39999 permutations (6528 clusters so far)...
2025-12-25 16:47:38,215 - INFO - Processed 2000/39999 permutations (6811 clusters so far)...
2025-12-25 16:47:38,276 - INFO - Processed 2100/39999 permutations (7380 clusters so far)...
2025-12-25 16:47:38,340 - INFO - Processed 2200/39999 permutations (7959 clusters so far)...
2025-12-25 16:47:38,403 - INFO - Processed 2300/39999 permutations (8512 clusters so far)...
2025-12-25 16:47:38,463 - INFO - Processed 2400/39999 permutations (9095 clusters so far)...
2025-12-25 16:47:38,525 - INFO - Processed 2500/39999 permutations (9722 clusters so far)...
2025-12-25 16:47:38,587 - INFO - Processed 2600/39999 permutations (10285 clusters so far)...
2025-12-25 16:47:38,649 - INFO - Processed 2700/39999 permutations (10860 clusters so far)...
2025-12-25 16:47:38,711 - INFO - Processed 2800/39999 permutations (11431 clusters so far)...
2025-12-25 16:47:38,772 - INFO - Processed 2900/39999 permutations (12064 clusters so far)...
2025-12-25 16:47:38,834 - INFO - Processed 3000/39999 permutations (12668 clusters so far)...
2025-12-25 16:47:38,896 - INFO - Processed 3100/39999 permutations (13044 clusters so far)...
2025-12-25 16:47:38,954 - INFO - Processed 3200/39999 permutations (13421 clusters so far)...
2025-12-25 16:47:39,015 - INFO - Processed 3300/39999 permutations (13794 clusters so far)...
2025-12-25 16:47:39,076 - INFO - Processed 3400/39999 permutations (14207 clusters so far)...
2025-12-25 16:47:39,137 - INFO - Processed 3500/39999 permutations (14604 clusters so far)...
2025-12-25 16:47:39,196 - INFO - Processed 3600/39999 permutations (15002 clusters so far)...
2025-12-25 16:47:39,257 - INFO - Processed 3700/39999 permutations (15372 clusters so far)...
2025-12-25 16:47:39,315 - INFO - Processed 3800/39999 permutations (15758 clusters so far)...
2025-12-25 16:47:39,371 - INFO - Processed 3900/39999 permutations (16181 clusters so far)...
2025-12-25 16:47:39,430 - INFO - Processed 4000/39999 permutations (16597 clusters so far)...
2025-12-25 16:47:39,515 - INFO - Processed 4100/39999 permutations (17205 clusters so far)...
2025-12-25 16:47:39,602 - INFO - Processed 4200/39999 permutations (17811 clusters so far)...
2025-12-25 16:47:39,688 - INFO - Processed 4300/39999 permutations (18459 clusters so far)...
2025-12-25 16:47:39,774 - INFO - Processed 4400/39999 permutations (19071 clusters so far)...
2025-12-25 16:47:39,859 - INFO - Processed 4500/39999 permutations (19749 clusters so far)...
2025-12-25 16:47:39,944 - INFO - Processed 4600/39999 permutations (20397 clusters so far)...
2025-12-25 16:47:40,029 - INFO - Processed 4700/39999 permutations (21023 clusters so far)...
2025-12-25 16:47:40,113 - INFO - Processed 4800/39999 permutations (21678 clusters so far)...
2025-12-25 16:47:40,198 - INFO - Processed 4900/39999 permutations (22318 clusters so far)...
2025-12-25 16:47:40,282 - INFO - Processed 5000/39999 permutations (22966 clusters so far)...
2025-12-25 16:47:40,361 - INFO - Processed 5100/39999 permutations (23430 clusters so far)...
2025-12-25 16:47:40,441 - INFO - Processed 5200/39999 permutations (23876 clusters so far)...
2025-12-25 16:47:40,520 - INFO - Processed 5300/39999 permutations (24313 clusters so far)...
2025-12-25 16:47:40,599 - INFO - Processed 5400/39999 permutations (24794 clusters so far)...
2025-12-25 16:47:40,676 - INFO - Processed 5500/39999 permutations (25233 clusters so far)...
2025-12-25 16:47:40,754 - INFO - Processed 5600/39999 permutations (25669 clusters so far)...
2025-12-25 16:47:40,834 - INFO - Processed 5700/39999 permutations (26122 clusters so far)...
2025-12-25 16:47:40,911 - INFO - Processed 5800/39999 permutations (26584 clusters so far)...
2025-12-25 16:47:40,989 - INFO - Processed 5900/39999 permutations (27004 clusters so far)...
2025-12-25 16:47:41,066 - INFO - Processed 6000/39999 permutations (27419 clusters so far)...
2025-12-25 16:47:41,172 - INFO - Processed 6100/39999 permutations (28088 clusters so far)...
2025-12-25 16:47:41,278 - INFO - Processed 6200/39999 permutations (28775 clusters so far)...
2025-12-25 16:47:41,390 - INFO - Processed 6300/39999 permutations (29472 clusters so far)...
2025-12-25 16:47:41,502 - INFO - Processed 6400/39999 permutations (30176 clusters so far)...
2025-12-25 16:47:41,613 - INFO - Processed 6500/39999 permutations (30875 clusters so far)...
2025-12-25 16:47:41,848 - INFO - Processed 6600/39999 permutations (31523 clusters so far)...
2025-12-25 16:47:42,021 - INFO - Processed 6700/39999 permutations (32165 clusters so far)...
2025-12-25 16:47:42,193 - INFO - Processed 6800/39999 permutations (32807 clusters so far)...
2025-12-25 16:47:42,307 - INFO - Processed 6900/39999 permutations (33406 clusters so far)...
2025-12-25 16:47:42,473 - INFO - Processed 7000/39999 permutations (34040 clusters so far)...
2025-12-25 16:47:42,585 - INFO - Processed 7100/39999 permutations (34523 clusters so far)...
2025-12-25 16:47:42,720 - INFO - Processed 7200/39999 permutations (34978 clusters so far)...
2025-12-25 16:47:42,823 - INFO - Processed 7300/39999 permutations (35444 clusters so far)...
2025-12-25 16:47:42,924 - INFO - Processed 7400/39999 permutations (35950 clusters so far)...
2025-12-25 16:47:43,026 - INFO - Processed 7500/39999 permutations (36429 clusters so far)...
2025-12-25 16:47:43,169 - INFO - Processed 7600/39999 permutations (36942 clusters so far)...
2025-12-25 16:47:43,269 - INFO - Processed 7700/39999 permutations (37419 clusters so far)...
2025-12-25 16:47:43,411 - INFO - Processed 7800/39999 permutations (37894 clusters so far)...
2025-12-25 16:47:43,508 - INFO - Processed 7900/39999 permutations (38351 clusters so far)...
2025-12-25 16:47:43,605 - INFO - Processed 8000/39999 permutations (38858 clusters so far)...
2025-12-25 16:47:43,743 - INFO - Processed 8100/39999 permutations (39531 clusters so far)...
2025-12-25 16:47:43,900 - INFO - Processed 8200/39999 permutations (40164 clusters so far)...
2025-12-25 16:47:44,064 - INFO - Processed 8300/39999 permutations (40843 clusters so far)...
2025-12-25 16:47:44,191 - INFO - Processed 8400/39999 permutations (41482 clusters so far)...
2025-12-25 16:47:44,318 - INFO - Processed 8500/39999 permutations (42136 clusters so far)...
2025-12-25 16:47:44,443 - INFO - Processed 8600/39999 permutations (42848 clusters so far)...
2025-12-25 16:47:44,566 - INFO - Processed 8700/39999 permutations (43511 clusters so far)...
2025-12-25 16:47:44,707 - INFO - Processed 8800/39999 permutations (44176 clusters so far)...
2025-12-25 16:47:44,834 - INFO - Processed 8900/39999 permutations (44865 clusters so far)...
2025-12-25 16:47:44,956 - INFO - Processed 9000/39999 permutations (45541 clusters so far)...
2025-12-25 16:47:45,067 - INFO - Processed 9100/39999 permutations (46044 clusters so far)...
2025-12-25 16:47:45,179 - INFO - Processed 9200/39999 permutations (46531 clusters so far)...
2025-12-25 16:47:45,284 - INFO - Processed 9300/39999 permutations (47038 clusters so far)...
2025-12-25 16:47:45,392 - INFO - Processed 9400/39999 permutations (47601 clusters so far)...
2025-12-25 16:47:45,502 - INFO - Processed 9500/39999 permutations (48070 clusters so far)...
2025-12-25 16:47:45,610 - INFO - Processed 9600/39999 permutations (48573 clusters so far)...
2025-12-25 16:47:45,719 - INFO - Processed 9700/39999 permutations (49081 clusters so far)...
2025-12-25 16:47:45,825 - INFO - Processed 9800/39999 permutations (49621 clusters so far)...
2025-12-25 16:47:45,931 - INFO - Processed 9900/39999 permutations (50129 clusters so far)...
2025-12-25 16:47:46,042 - INFO - Processed 10000/39999 permutations (50695 clusters so far)...
2025-12-25 16:47:46,266 - INFO - Processed 10100/39999 permutations (51387 clusters so far)...
2025-12-25 16:47:46,435 - INFO - Processed 10200/39999 permutations (52078 clusters so far)...
2025-12-25 16:47:46,618 - INFO - Processed 10300/39999 permutations (52773 clusters so far)...
2025-12-25 16:47:46,793 - INFO - Processed 10400/39999 permutations (53462 clusters so far)...
2025-12-25 16:47:46,954 - INFO - Processed 10500/39999 permutations (54097 clusters so far)...
2025-12-25 16:47:47,138 - INFO - Processed 10600/39999 permutations (54768 clusters so far)...
2025-12-25 16:47:47,303 - INFO - Processed 10700/39999 permutations (55432 clusters so far)...
2025-12-25 16:47:47,462 - INFO - Processed 10800/39999 permutations (56108 clusters so far)...
2025-12-25 16:47:47,605 - INFO - Processed 10900/39999 permutations (56805 clusters so far)...
2025-12-25 16:47:47,743 - INFO - Processed 11000/39999 permutations (57446 clusters so far)...
2025-12-25 16:47:47,861 - INFO - Processed 11100/39999 permutations (58018 clusters so far)...
2025-12-25 16:47:47,979 - INFO - Processed 11200/39999 permutations (58580 clusters so far)...
2025-12-25 16:47:48,099 - INFO - Processed 11300/39999 permutations (59122 clusters so far)...
2025-12-25 16:47:48,216 - INFO - Processed 11400/39999 permutations (59713 clusters so far)...
2025-12-25 16:47:48,335 - INFO - Processed 11500/39999 permutations (60261 clusters so far)...
2025-12-25 16:47:48,457 - INFO - Processed 11600/39999 permutations (60803 clusters so far)...
2025-12-25 16:47:48,584 - INFO - Processed 11700/39999 permutations (61375 clusters so far)...
2025-12-25 16:47:48,699 - INFO - Processed 11800/39999 permutations (61957 clusters so far)...
2025-12-25 16:47:48,815 - INFO - Processed 11900/39999 permutations (62500 clusters so far)...
2025-12-25 16:47:48,933 - INFO - Processed 12000/39999 permutations (63053 clusters so far)...
2025-12-25 16:47:49,083 - INFO - Processed 12100/39999 permutations (63726 clusters so far)...
2025-12-25 16:47:49,235 - INFO - Processed 12200/39999 permutations (64353 clusters so far)...
2025-12-25 16:47:49,381 - INFO - Processed 12300/39999 permutations (65052 clusters so far)...
2025-12-25 16:47:49,534 - INFO - Processed 12400/39999 permutations (65710 clusters so far)...
2025-12-25 16:47:49,683 - INFO - Processed 12500/39999 permutations (66433 clusters so far)...
2025-12-25 16:47:49,832 - INFO - Processed 12600/39999 permutations (67088 clusters so far)...
2025-12-25 16:47:49,981 - INFO - Processed 12700/39999 permutations (67733 clusters so far)...
2025-12-25 16:47:50,135 - INFO - Processed 12800/39999 permutations (68390 clusters so far)...
2025-12-25 16:47:50,285 - INFO - Processed 12900/39999 permutations (69086 clusters so far)...
2025-12-25 16:47:50,436 - INFO - Processed 13000/39999 permutations (69776 clusters so far)...
2025-12-25 16:47:50,565 - INFO - Processed 13100/39999 permutations (70413 clusters so far)...
2025-12-25 16:47:50,694 - INFO - Processed 13200/39999 permutations (71022 clusters so far)...
2025-12-25 16:47:50,836 - INFO - Processed 13300/39999 permutations (71623 clusters so far)...
2025-12-25 16:47:50,969 - INFO - Processed 13400/39999 permutations (72218 clusters so far)...
2025-12-25 16:47:51,103 - INFO - Processed 13500/39999 permutations (72816 clusters so far)...
2025-12-25 16:47:51,230 - INFO - Processed 13600/39999 permutations (73442 clusters so far)...
2025-12-25 16:47:51,366 - INFO - Processed 13700/39999 permutations (74059 clusters so far)...
2025-12-25 16:47:51,507 - INFO - Processed 13800/39999 permutations (74590 clusters so far)...
2025-12-25 16:47:51,655 - INFO - Processed 13900/39999 permutations (75193 clusters so far)...
2025-12-25 16:47:51,804 - INFO - Processed 14000/39999 permutations (75778 clusters so far)...
2025-12-25 16:47:51,986 - INFO - Processed 14100/39999 permutations (76522 clusters so far)...
2025-12-25 16:47:52,165 - INFO - Processed 14200/39999 permutations (77186 clusters so far)...
2025-12-25 16:47:52,340 - INFO - Processed 14300/39999 permutations (77842 clusters so far)...
2025-12-25 16:47:52,517 - INFO - Processed 14400/39999 permutations (78544 clusters so far)...
2025-12-25 16:47:52,694 - INFO - Processed 14500/39999 permutations (79176 clusters so far)...
2025-12-25 16:47:52,868 - INFO - Processed 14600/39999 permutations (79843 clusters so far)...
2025-12-25 16:47:53,039 - INFO - Processed 14700/39999 permutations (80537 clusters so far)...
2025-12-25 16:47:53,209 - INFO - Processed 14800/39999 permutations (81217 clusters so far)...
2025-12-25 16:47:53,380 - INFO - Processed 14900/39999 permutations (81889 clusters so far)...
2025-12-25 16:47:53,669 - INFO - Processed 15000/39999 permutations (82545 clusters so far)...
2025-12-25 16:47:53,839 - INFO - Processed 15100/39999 permutations (83167 clusters so far)...
2025-12-25 16:47:54,011 - INFO - Processed 15200/39999 permutations (83783 clusters so far)...
2025-12-25 16:47:54,185 - INFO - Processed 15300/39999 permutations (84403 clusters so far)...
2025-12-25 16:47:54,354 - INFO - Processed 15400/39999 permutations (85033 clusters so far)...
2025-12-25 16:47:54,521 - INFO - Processed 15500/39999 permutations (85662 clusters so far)...
2025-12-25 16:47:54,724 - INFO - Processed 15600/39999 permutations (86315 clusters so far)...
2025-12-25 16:47:54,879 - INFO - Processed 15700/39999 permutations (86945 clusters so far)...
2025-12-25 16:47:55,037 - INFO - Processed 15800/39999 permutations (87568 clusters so far)...
2025-12-25 16:47:55,190 - INFO - Processed 15900/39999 permutations (88135 clusters so far)...
2025-12-25 16:47:55,375 - INFO - Processed 16000/39999 permutations (88743 clusters so far)...
2025-12-25 16:47:55,576 - INFO - Processed 16100/39999 permutations (89412 clusters so far)...
2025-12-25 16:47:55,817 - INFO - Processed 16200/39999 permutations (90081 clusters so far)...
2025-12-25 16:47:56,053 - INFO - Processed 16300/39999 permutations (90810 clusters so far)...
2025-12-25 16:47:56,250 - INFO - Processed 16400/39999 permutations (91486 clusters so far)...
2025-12-25 16:47:56,455 - INFO - Processed 16500/39999 permutations (92194 clusters so far)...
2025-12-25 16:47:56,647 - INFO - Processed 16600/39999 permutations (92904 clusters so far)...
2025-12-25 16:47:56,842 - INFO - Processed 16700/39999 permutations (93589 clusters so far)...
2025-12-25 16:47:57,075 - INFO - Processed 16800/39999 permutations (94224 clusters so far)...
2025-12-25 16:47:57,284 - INFO - Processed 16900/39999 permutations (94903 clusters so far)...
2025-12-25 16:47:57,534 - INFO - Processed 17000/39999 permutations (95611 clusters so far)...
2025-12-25 16:47:57,851 - INFO - Processed 17100/39999 permutations (96209 clusters so far)...
2025-12-25 16:47:58,198 - INFO - Processed 17200/39999 permutations (96843 clusters so far)...
2025-12-25 16:47:58,528 - INFO - Processed 17300/39999 permutations (97465 clusters so far)...
2025-12-25 16:47:58,774 - INFO - Processed 17400/39999 permutations (98136 clusters so far)...
2025-12-25 16:47:59,005 - INFO - Processed 17500/39999 permutations (98820 clusters so far)...
2025-12-25 16:47:59,258 - INFO - Processed 17600/39999 permutations (99445 clusters so far)...
2025-12-25 16:47:59,417 - INFO - Processed 17700/39999 permutations (100119 clusters so far)...
2025-12-25 16:47:59,571 - INFO - Processed 17800/39999 permutations (100780 clusters so far)...
2025-12-25 16:47:59,731 - INFO - Processed 17900/39999 permutations (101413 clusters so far)...
2025-12-25 16:47:59,886 - INFO - Processed 18000/39999 permutations (102026 clusters so far)...
2025-12-25 16:48:00,134 - INFO - Processed 18100/39999 permutations (102745 clusters so far)...
2025-12-25 16:48:00,332 - INFO - Processed 18200/39999 permutations (103423 clusters so far)...
2025-12-25 16:48:00,541 - INFO - Processed 18300/39999 permutations (104171 clusters so far)...
2025-12-25 16:48:00,731 - INFO - Processed 18400/39999 permutations (104945 clusters so far)...
2025-12-25 16:48:00,917 - INFO - Processed 18500/39999 permutations (105622 clusters so far)...
2025-12-25 16:48:01,111 - INFO - Processed 18600/39999 permutations (106290 clusters so far)...
2025-12-25 16:48:01,296 - INFO - Processed 18700/39999 permutations (106983 clusters so far)...
2025-12-25 16:48:01,484 - INFO - Processed 18800/39999 permutations (107648 clusters so far)...
2025-12-25 16:48:01,677 - INFO - Processed 18900/39999 permutations (108350 clusters so far)...
2025-12-25 16:48:01,867 - INFO - Processed 19000/39999 permutations (109076 clusters so far)...
2025-12-25 16:48:02,023 - INFO - Processed 19100/39999 permutations (109755 clusters so far)...
2025-12-25 16:48:02,182 - INFO - Processed 19200/39999 permutations (110403 clusters so far)...
2025-12-25 16:48:02,362 - INFO - Processed 19300/39999 permutations (111070 clusters so far)...
2025-12-25 16:48:02,540 - INFO - Processed 19400/39999 permutations (111772 clusters so far)...
2025-12-25 16:48:02,708 - INFO - Processed 19500/39999 permutations (112470 clusters so far)...
2025-12-25 16:48:02,876 - INFO - Processed 19600/39999 permutations (113130 clusters so far)...
2025-12-25 16:48:03,042 - INFO - Processed 19700/39999 permutations (113838 clusters so far)...
2025-12-25 16:48:03,220 - INFO - Processed 19800/39999 permutations (114543 clusters so far)...
2025-12-25 16:48:03,407 - INFO - Processed 19900/39999 permutations (115287 clusters so far)...
2025-12-25 16:48:03,594 - INFO - Processed 20000/39999 permutations (115997 clusters so far)...
2025-12-25 16:48:03,826 - INFO - Processed 20100/39999 permutations (116783 clusters so far)...
2025-12-25 16:48:04,027 - INFO - Processed 20200/39999 permutations (117547 clusters so far)...
2025-12-25 16:48:04,267 - INFO - Processed 20300/39999 permutations (118266 clusters so far)...
2025-12-25 16:48:04,458 - INFO - Processed 20400/39999 permutations (119026 clusters so far)...
2025-12-25 16:48:04,638 - INFO - Processed 20500/39999 permutations (119776 clusters so far)...
2025-12-25 16:48:04,821 - INFO - Processed 20600/39999 permutations (120554 clusters so far)...
2025-12-25 16:48:05,006 - INFO - Processed 20700/39999 permutations (121286 clusters so far)...
2025-12-25 16:48:05,194 - INFO - Processed 20800/39999 permutations (122035 clusters so far)...
2025-12-25 16:48:05,376 - INFO - Processed 20900/39999 permutations (122757 clusters so far)...
2025-12-25 16:48:05,603 - INFO - Processed 21000/39999 permutations (123550 clusters so far)...
2025-12-25 16:48:05,878 - INFO - Processed 21100/39999 permutations (124280 clusters so far)...
2025-12-25 16:48:06,156 - INFO - Processed 21200/39999 permutations (125028 clusters so far)...
2025-12-25 16:48:06,349 - INFO - Processed 21300/39999 permutations (125798 clusters so far)...
2025-12-25 16:48:06,562 - INFO - Processed 21400/39999 permutations (126533 clusters so far)...
2025-12-25 16:48:06,754 - INFO - Processed 21500/39999 permutations (127271 clusters so far)...
2025-12-25 16:48:06,946 - INFO - Processed 21600/39999 permutations (127984 clusters so far)...
2025-12-25 16:48:07,145 - INFO - Processed 21700/39999 permutations (128729 clusters so far)...
2025-12-25 16:48:07,348 - INFO - Processed 21800/39999 permutations (129498 clusters so far)...
2025-12-25 16:48:07,539 - INFO - Processed 21900/39999 permutations (130218 clusters so far)...
2025-12-25 16:48:07,733 - INFO - Processed 22000/39999 permutations (130932 clusters so far)...
2025-12-25 16:48:07,955 - INFO - Processed 22100/39999 permutations (131749 clusters so far)...
2025-12-25 16:48:08,148 - INFO - Processed 22200/39999 permutations (132528 clusters so far)...
2025-12-25 16:48:08,346 - INFO - Processed 22300/39999 permutations (133301 clusters so far)...
2025-12-25 16:48:08,536 - INFO - Processed 22400/39999 permutations (134029 clusters so far)...
2025-12-25 16:48:08,731 - INFO - Processed 22500/39999 permutations (134794 clusters so far)...
2025-12-25 16:48:08,936 - INFO - Processed 22600/39999 permutations (135610 clusters so far)...
2025-12-25 16:48:09,166 - INFO - Processed 22700/39999 permutations (136400 clusters so far)...
2025-12-25 16:48:09,384 - INFO - Processed 22800/39999 permutations (137201 clusters so far)...
2025-12-25 16:48:09,584 - INFO - Processed 22900/39999 permutations (137994 clusters so far)...
2025-12-25 16:48:09,795 - INFO - Processed 23000/39999 permutations (138755 clusters so far)...
2025-12-25 16:48:10,021 - INFO - Processed 23100/39999 permutations (139515 clusters so far)...
2025-12-25 16:48:10,235 - INFO - Processed 23200/39999 permutations (140315 clusters so far)...
2025-12-25 16:48:10,451 - INFO - Processed 23300/39999 permutations (141041 clusters so far)...
2025-12-25 16:48:10,665 - INFO - Processed 23400/39999 permutations (141725 clusters so far)...
2025-12-25 16:48:10,928 - INFO - Processed 23500/39999 permutations (142524 clusters so far)...
2025-12-25 16:48:11,180 - INFO - Processed 23600/39999 permutations (143229 clusters so far)...
2025-12-25 16:48:11,403 - INFO - Processed 23700/39999 permutations (143971 clusters so far)...
2025-12-25 16:48:11,619 - INFO - Processed 23800/39999 permutations (144723 clusters so far)...
2025-12-25 16:48:11,828 - INFO - Processed 23900/39999 permutations (145480 clusters so far)...
2025-12-25 16:48:12,060 - INFO - Processed 24000/39999 permutations (146216 clusters so far)...
2025-12-25 16:48:12,258 - INFO - Processed 24100/39999 permutations (147014 clusters so far)...
2025-12-25 16:48:12,451 - INFO - Processed 24200/39999 permutations (147794 clusters so far)...
2025-12-25 16:48:12,671 - INFO - Processed 24300/39999 permutations (148634 clusters so far)...
2025-12-25 16:48:12,878 - INFO - Processed 24400/39999 permutations (149379 clusters so far)...
2025-12-25 16:48:13,108 - INFO - Processed 24500/39999 permutations (150167 clusters so far)...
2025-12-25 16:48:13,323 - INFO - Processed 24600/39999 permutations (150964 clusters so far)...
2025-12-25 16:48:13,520 - INFO - Processed 24700/39999 permutations (151749 clusters so far)...
2025-12-25 16:48:13,709 - INFO - Processed 24800/39999 permutations (152542 clusters so far)...
2025-12-25 16:48:13,899 - INFO - Processed 24900/39999 permutations (153375 clusters so far)...
2025-12-25 16:48:14,085 - INFO - Processed 25000/39999 permutations (154251 clusters so far)...
2025-12-25 16:48:14,301 - INFO - Processed 25100/39999 permutations (154972 clusters so far)...
2025-12-25 16:48:14,532 - INFO - Processed 25200/39999 permutations (155689 clusters so far)...
2025-12-25 16:48:14,764 - INFO - Processed 25300/39999 permutations (156409 clusters so far)...
2025-12-25 16:48:14,988 - INFO - Processed 25400/39999 permutations (157182 clusters so far)...
2025-12-25 16:48:15,217 - INFO - Processed 25500/39999 permutations (157931 clusters so far)...
2025-12-25 16:48:15,443 - INFO - Processed 25600/39999 permutations (158672 clusters so far)...
2025-12-25 16:48:15,674 - INFO - Processed 25700/39999 permutations (159425 clusters so far)...
2025-12-25 16:48:15,903 - INFO - Processed 25800/39999 permutations (160163 clusters so far)...
2025-12-25 16:48:16,128 - INFO - Processed 25900/39999 permutations (160906 clusters so far)...
2025-12-25 16:48:16,376 - INFO - Processed 26000/39999 permutations (161710 clusters so far)...
2025-12-25 16:48:16,593 - INFO - Processed 26100/39999 permutations (162585 clusters so far)...
2025-12-25 16:48:16,819 - INFO - Processed 26200/39999 permutations (163386 clusters so far)...
2025-12-25 16:48:17,022 - INFO - Processed 26300/39999 permutations (164230 clusters so far)...
2025-12-25 16:48:17,230 - INFO - Processed 26400/39999 permutations (164947 clusters so far)...
2025-12-25 16:48:17,437 - INFO - Processed 26500/39999 permutations (165733 clusters so far)...
2025-12-25 16:48:17,641 - INFO - Processed 26600/39999 permutations (166509 clusters so far)...
2025-12-25 16:48:17,853 - INFO - Processed 26700/39999 permutations (167272 clusters so far)...
2025-12-25 16:48:18,150 - INFO - Processed 26800/39999 permutations (168059 clusters so far)...
2025-12-25 16:48:18,359 - INFO - Processed 26900/39999 permutations (168807 clusters so far)...
2025-12-25 16:48:18,568 - INFO - Processed 27000/39999 permutations (169634 clusters so far)...
2025-12-25 16:48:18,812 - INFO - Processed 27100/39999 permutations (170403 clusters so far)...
2025-12-25 16:48:19,069 - INFO - Processed 27200/39999 permutations (171130 clusters so far)...
2025-12-25 16:48:19,334 - INFO - Processed 27300/39999 permutations (171882 clusters so far)...
2025-12-25 16:48:19,570 - INFO - Processed 27400/39999 permutations (172670 clusters so far)...
2025-12-25 16:48:19,855 - INFO - Processed 27500/39999 permutations (173478 clusters so far)...
2025-12-25 16:48:20,109 - INFO - Processed 27600/39999 permutations (174186 clusters so far)...
2025-12-25 16:48:20,358 - INFO - Processed 27700/39999 permutations (174971 clusters so far)...
2025-12-25 16:48:20,583 - INFO - Processed 27800/39999 permutations (175736 clusters so far)...
2025-12-25 16:48:20,808 - INFO - Processed 27900/39999 permutations (176457 clusters so far)...
2025-12-25 16:48:21,073 - INFO - Processed 28000/39999 permutations (177205 clusters so far)...
2025-12-25 16:48:21,287 - INFO - Processed 28100/39999 permutations (177968 clusters so far)...
2025-12-25 16:48:21,511 - INFO - Processed 28200/39999 permutations (178755 clusters so far)...
2025-12-25 16:48:21,729 - INFO - Processed 28300/39999 permutations (179511 clusters so far)...
2025-12-25 16:48:21,944 - INFO - Processed 28400/39999 permutations (180357 clusters so far)...
2025-12-25 16:48:22,171 - INFO - Processed 28500/39999 permutations (181164 clusters so far)...
2025-12-25 16:48:22,406 - INFO - Processed 28600/39999 permutations (182016 clusters so far)...
2025-12-25 16:48:22,642 - INFO - Processed 28700/39999 permutations (182821 clusters so far)...
2025-12-25 16:48:22,883 - INFO - Processed 28800/39999 permutations (183614 clusters so far)...
2025-12-25 16:48:23,126 - INFO - Processed 28900/39999 permutations (184417 clusters so far)...
2025-12-25 16:48:23,366 - INFO - Processed 29000/39999 permutations (185240 clusters so far)...
2025-12-25 16:48:23,612 - INFO - Processed 29100/39999 permutations (186008 clusters so far)...
2025-12-25 16:48:23,861 - INFO - Processed 29200/39999 permutations (186766 clusters so far)...
2025-12-25 16:48:24,108 - INFO - Processed 29300/39999 permutations (187522 clusters so far)...
2025-12-25 16:48:24,350 - INFO - Processed 29400/39999 permutations (188265 clusters so far)...
2025-12-25 16:48:24,613 - INFO - Processed 29500/39999 permutations (189023 clusters so far)...
2025-12-25 16:48:24,862 - INFO - Processed 29600/39999 permutations (189727 clusters so far)...
2025-12-25 16:48:25,110 - INFO - Processed 29700/39999 permutations (190488 clusters so far)...
2025-12-25 16:48:25,355 - INFO - Processed 29800/39999 permutations (191260 clusters so far)...
2025-12-25 16:48:25,601 - INFO - Processed 29900/39999 permutations (192050 clusters so far)...
2025-12-25 16:48:25,846 - INFO - Processed 30000/39999 permutations (192802 clusters so far)...
2025-12-25 16:48:26,074 - INFO - Processed 30100/39999 permutations (193528 clusters so far)...
2025-12-25 16:48:26,299 - INFO - Processed 30200/39999 permutations (194324 clusters so far)...
2025-12-25 16:48:26,523 - INFO - Processed 30300/39999 permutations (195128 clusters so far)...
2025-12-25 16:48:26,776 - INFO - Processed 30400/39999 permutations (195962 clusters so far)...
2025-12-25 16:48:27,037 - INFO - Processed 30500/39999 permutations (196727 clusters so far)...
2025-12-25 16:48:27,324 - INFO - Processed 30600/39999 permutations (197524 clusters so far)...
2025-12-25 16:48:27,596 - INFO - Processed 30700/39999 permutations (198290 clusters so far)...
2025-12-25 16:48:27,883 - INFO - Processed 30800/39999 permutations (199040 clusters so far)...
2025-12-25 16:48:28,101 - INFO - Processed 30900/39999 permutations (199857 clusters so far)...
2025-12-25 16:48:28,316 - INFO - Processed 31000/39999 permutations (200679 clusters so far)...
2025-12-25 16:48:28,556 - INFO - Processed 31100/39999 permutations (201416 clusters so far)...
2025-12-25 16:48:28,796 - INFO - Processed 31200/39999 permutations (202174 clusters so far)...
2025-12-25 16:48:29,111 - INFO - Processed 31300/39999 permutations (202925 clusters so far)...
2025-12-25 16:48:29,350 - INFO - Processed 31400/39999 permutations (203636 clusters so far)...
2025-12-25 16:48:29,588 - INFO - Processed 31500/39999 permutations (204391 clusters so far)...
2025-12-25 16:48:29,824 - INFO - Processed 31600/39999 permutations (205171 clusters so far)...
2025-12-25 16:48:30,060 - INFO - Processed 31700/39999 permutations (205943 clusters so far)...
2025-12-25 16:48:30,300 - INFO - Processed 31800/39999 permutations (206677 clusters so far)...
2025-12-25 16:48:30,540 - INFO - Processed 31900/39999 permutations (207415 clusters so far)...
2025-12-25 16:48:30,780 - INFO - Processed 32000/39999 permutations (208157 clusters so far)...
2025-12-25 16:48:31,004 - INFO - Processed 32100/39999 permutations (208913 clusters so far)...
2025-12-25 16:48:31,224 - INFO - Processed 32200/39999 permutations (209733 clusters so far)...
2025-12-25 16:48:31,444 - INFO - Processed 32300/39999 permutations (210469 clusters so far)...
2025-12-25 16:48:31,662 - INFO - Processed 32400/39999 permutations (211284 clusters so far)...
2025-12-25 16:48:31,882 - INFO - Processed 32500/39999 permutations (212081 clusters so far)...
2025-12-25 16:48:32,099 - INFO - Processed 32600/39999 permutations (212861 clusters so far)...
2025-12-25 16:48:32,321 - INFO - Processed 32700/39999 permutations (213601 clusters so far)...
2025-12-25 16:48:32,541 - INFO - Processed 32800/39999 permutations (214362 clusters so far)...
2025-12-25 16:48:32,763 - INFO - Processed 32900/39999 permutations (215201 clusters so far)...
2025-12-25 16:48:32,984 - INFO - Processed 33000/39999 permutations (215986 clusters so far)...
2025-12-25 16:48:33,228 - INFO - Processed 33100/39999 permutations (216755 clusters so far)...
2025-12-25 16:48:33,474 - INFO - Processed 33200/39999 permutations (217512 clusters so far)...
2025-12-25 16:48:33,719 - INFO - Processed 33300/39999 permutations (218249 clusters so far)...
2025-12-25 16:48:33,966 - INFO - Processed 33400/39999 permutations (219012 clusters so far)...
2025-12-25 16:48:34,212 - INFO - Processed 33500/39999 permutations (219732 clusters so far)...
2025-12-25 16:48:34,457 - INFO - Processed 33600/39999 permutations (220469 clusters so far)...
2025-12-25 16:48:34,702 - INFO - Processed 33700/39999 permutations (221160 clusters so far)...
2025-12-25 16:48:34,943 - INFO - Processed 33800/39999 permutations (221893 clusters so far)...
2025-12-25 16:48:35,187 - INFO - Processed 33900/39999 permutations (222642 clusters so far)...
2025-12-25 16:48:35,428 - INFO - Processed 34000/39999 permutations (223460 clusters so far)...
2025-12-25 16:48:35,656 - INFO - Processed 34100/39999 permutations (224262 clusters so far)...
2025-12-25 16:48:35,883 - INFO - Processed 34200/39999 permutations (225064 clusters so far)...
2025-12-25 16:48:36,128 - INFO - Processed 34300/39999 permutations (225818 clusters so far)...
2025-12-25 16:48:36,364 - INFO - Processed 34400/39999 permutations (226640 clusters so far)...
2025-12-25 16:48:36,595 - INFO - Processed 34500/39999 permutations (227384 clusters so far)...
2025-12-25 16:48:36,835 - INFO - Processed 34600/39999 permutations (228127 clusters so far)...
2025-12-25 16:48:37,063 - INFO - Processed 34700/39999 permutations (228930 clusters so far)...
2025-12-25 16:48:37,293 - INFO - Processed 34800/39999 permutations (229678 clusters so far)...
2025-12-25 16:48:37,535 - INFO - Processed 34900/39999 permutations (230442 clusters so far)...
2025-12-25 16:48:37,760 - INFO - Processed 35000/39999 permutations (231250 clusters so far)...
2025-12-25 16:48:38,009 - INFO - Processed 35100/39999 permutations (232024 clusters so far)...
2025-12-25 16:48:38,259 - INFO - Processed 35200/39999 permutations (232715 clusters so far)...
2025-12-25 16:48:39,283 - INFO - Processed 35300/39999 permutations (233461 clusters so far)...
2025-12-25 16:48:39,531 - INFO - Processed 35400/39999 permutations (234214 clusters so far)...
2025-12-25 16:48:39,782 - INFO - Processed 35500/39999 permutations (234966 clusters so far)...
2025-12-25 16:48:40,035 - INFO - Processed 35600/39999 permutations (235685 clusters so far)...
2025-12-25 16:48:40,283 - INFO - Processed 35700/39999 permutations (236401 clusters so far)...
2025-12-25 16:48:40,531 - INFO - Processed 35800/39999 permutations (237124 clusters so far)...
2025-12-25 16:48:40,782 - INFO - Processed 35900/39999 permutations (237888 clusters so far)...
2025-12-25 16:48:41,034 - INFO - Processed 36000/39999 permutations (238645 clusters so far)...
2025-12-25 16:48:41,276 - INFO - Processed 36100/39999 permutations (239450 clusters so far)...
2025-12-25 16:48:41,519 - INFO - Processed 36200/39999 permutations (240242 clusters so far)...
2025-12-25 16:48:41,757 - INFO - Processed 36300/39999 permutations (241019 clusters so far)...
2025-12-25 16:48:42,005 - INFO - Processed 36400/39999 permutations (241822 clusters so far)...
2025-12-25 16:48:42,249 - INFO - Processed 36500/39999 permutations (242578 clusters so far)...
2025-12-25 16:48:42,491 - INFO - Processed 36600/39999 permutations (243402 clusters so far)...
2025-12-25 16:48:42,742 - INFO - Processed 36700/39999 permutations (244147 clusters so far)...
2025-12-25 16:48:42,987 - INFO - Processed 36800/39999 permutations (244919 clusters so far)...
2025-12-25 16:48:43,222 - INFO - Processed 36900/39999 permutations (245646 clusters so far)...
2025-12-25 16:48:43,458 - INFO - Processed 37000/39999 permutations (246478 clusters so far)...
2025-12-25 16:48:43,719 - INFO - Processed 37100/39999 permutations (247190 clusters so far)...
2025-12-25 16:48:43,982 - INFO - Processed 37200/39999 permutations (247885 clusters so far)...
2025-12-25 16:48:44,242 - INFO - Processed 37300/39999 permutations (248625 clusters so far)...
2025-12-25 16:48:44,498 - INFO - Processed 37400/39999 permutations (249370 clusters so far)...
2025-12-25 16:48:44,758 - INFO - Processed 37500/39999 permutations (250099 clusters so far)...
2025-12-25 16:48:45,021 - INFO - Processed 37600/39999 permutations (250827 clusters so far)...
2025-12-25 16:48:45,287 - INFO - Processed 37700/39999 permutations (251564 clusters so far)...
2025-12-25 16:48:45,548 - INFO - Processed 37800/39999 permutations (252335 clusters so far)...
2025-12-25 16:48:45,812 - INFO - Processed 37900/39999 permutations (253042 clusters so far)...
2025-12-25 16:48:46,080 - INFO - Processed 38000/39999 permutations (253815 clusters so far)...
2025-12-25 16:48:46,348 - INFO - Processed 38100/39999 permutations (254602 clusters so far)...
2025-12-25 16:48:46,597 - INFO - Processed 38200/39999 permutations (255400 clusters so far)...
2025-12-25 16:48:46,844 - INFO - Processed 38300/39999 permutations (256168 clusters so far)...
2025-12-25 16:48:47,089 - INFO - Processed 38400/39999 permutations (256950 clusters so far)...
2025-12-25 16:48:47,335 - INFO - Processed 38500/39999 permutations (257732 clusters so far)...
2025-12-25 16:48:47,578 - INFO - Processed 38600/39999 permutations (258433 clusters so far)...
2025-12-25 16:48:47,820 - INFO - Processed 38700/39999 permutations (259226 clusters so far)...
2025-12-25 16:48:48,066 - INFO - Processed 38800/39999 permutations (259979 clusters so far)...
2025-12-25 16:48:48,325 - INFO - Processed 38900/39999 permutations (260752 clusters so far)...
2025-12-25 16:48:48,578 - INFO - Processed 39000/39999 permutations (261489 clusters so far)...
2025-12-25 16:48:48,840 - INFO - Processed 39100/39999 permutations (262249 clusters so far)...
2025-12-25 16:48:49,106 - INFO - Processed 39200/39999 permutations (263026 clusters so far)...
2025-12-25 16:48:49,369 - INFO - Processed 39300/39999 permutations (263767 clusters so far)...
2025-12-25 16:48:49,636 - INFO - Processed 39400/39999 permutations (264505 clusters so far)...
2025-12-25 16:48:49,907 - INFO - Processed 39500/39999 permutations (265205 clusters so far)...
2025-12-25 16:48:50,172 - INFO - Processed 39600/39999 permutations (265944 clusters so far)...
2025-12-25 16:48:50,440 - INFO - Processed 39700/39999 permutations (266630 clusters so far)...
2025-12-25 16:48:50,709 - INFO - Processed 39800/39999 permutations (267338 clusters so far)...
2025-12-25 16:48:50,974 - INFO - Processed 39900/39999 permutations (268072 clusters so far)...
2025-12-25 16:48:52,191 - INFO - Saved 268844 cluster statistics to results/permutation_cluster_statistics.tsv
2025-12-25 16:48:52,191 - INFO - 
================================================================================
2025-12-25 16:48:52,191 - INFO - SUMMARY
2025-12-25 16:48:52,191 - INFO - ================================================================================
2025-12-25 16:48:52,191 - INFO - Total permutations processed: 39999
2025-12-25 16:48:52,192 - INFO - Total clusters: 268844
2025-12-25 16:48:52,192 - INFO - Average clusters per permutation: 6.72
2025-12-25 16:48:52,192 - INFO - 
Clusters by gene list size:
2025-12-25 16:48:52,195 - INFO -   Size 50: 6805 clusters from 1999 permutations (avg 3.40 clusters/permutation)
2025-12-25 16:48:52,196 - INFO -   Size 100: 9786 clusters from 2000 permutations (avg 4.89 clusters/permutation)
2025-12-25 16:48:52,197 - INFO -   Size 150: 10825 clusters from 2000 permutations (avg 5.41 clusters/permutation)
2025-12-25 16:48:52,198 - INFO -   Size 200: 11437 clusters from 2000 permutations (avg 5.72 clusters/permutation)
2025-12-25 16:48:52,200 - INFO -   Size 250: 11837 clusters from 2000 permutations (avg 5.92 clusters/permutation)
2025-12-25 16:48:52,201 - INFO -   Size 300: 12360 clusters from 2000 permutations (avg 6.18 clusters/permutation)
2025-12-25 16:48:52,202 - INFO -   Size 350: 12719 clusters from 2000 permutations (avg 6.36 clusters/permutation)
2025-12-25 16:48:52,203 - INFO -   Size 400: 12965 clusters from 2000 permutations (avg 6.48 clusters/permutation)
2025-12-25 16:48:52,204 - INFO -   Size 450: 13285 clusters from 2000 permutations (avg 6.64 clusters/permutation)
2025-12-25 16:48:52,206 - INFO -   Size 500: 13972 clusters from 2000 permutations (avg 6.99 clusters/permutation)
2025-12-25 16:48:52,207 - INFO -   Size 550: 14930 clusters from 2000 permutations (avg 7.46 clusters/permutation)
2025-12-25 16:48:52,208 - INFO -   Size 600: 15289 clusters from 2000 permutations (avg 7.64 clusters/permutation)
2025-12-25 16:48:52,210 - INFO -   Size 650: 15490 clusters from 2000 permutations (avg 7.75 clusters/permutation)
2025-12-25 16:48:52,211 - INFO -   Size 700: 15489 clusters from 2000 permutations (avg 7.74 clusters/permutation)
2025-12-25 16:48:52,212 - INFO -   Size 750: 15600 clusters from 2000 permutations (avg 7.80 clusters/permutation)
2025-12-25 16:48:52,214 - INFO -   Size 800: 15364 clusters from 2000 permutations (avg 7.68 clusters/permutation)
2025-12-25 16:48:52,215 - INFO -   Size 850: 15291 clusters from 2000 permutations (avg 7.65 clusters/permutation)
2025-12-25 16:48:52,216 - INFO -   Size 900: 15187 clusters from 2000 permutations (avg 7.59 clusters/permutation)
2025-12-25 16:48:52,217 - INFO -   Size 950: 15179 clusters from 2000 permutations (avg 7.59 clusters/permutation)
2025-12-25 16:48:52,219 - INFO -   Size 1000: 15034 clusters from 2000 permutations (avg 7.52 clusters/permutation)
2025-12-25 16:48:52,601 - INFO - 
✓ Complete! Results saved to results/permutation_cluster_statistics.tsv
